// Jest Snapshot v1, https://goo.gl/fbAQLP

exports[`DisplayDataHeader tests Should be render DisplayDataHeader 1`] = `
<DisplayDataHeader
  classes={
    Object {
      "block": "DisplayDataHeader-block-4",
      "container": "DisplayDataHeader-container-5",
      "paper": "DisplayDataHeader-paper-1",
      "searchBar": "DisplayDataHeader-searchBar-2",
      "searchInput": "DisplayDataHeader-searchInput-3",
      "withoutData": "DisplayDataHeader-withoutData-6",
    }
  }
  handleRefresh={[Function]}
  placeholder="Test placeholder"
/>
`;
